  Determining projects to restore...
  All projects are up-to-date for restore.
  StockData.Net -> D:\Repo\FinanceMCP\StockData.Net\StockData.Net\bin\Release\net8.0\StockData.Net.dll
  StockData.Net.McpServer -> D:\Repo\FinanceMCP\StockData.Net\StockData.Net.McpServer\bin\Release\net8.0\StockData.Net.McpServer.dll
D:\Repo\FinanceMCP\StockData.Net\StockData.Net.IntegrationTests\StockDataIntegrationTests.cs(264,13): error MSTEST0037: Use 'Assert.AreEqual' instead of 'Assert.IsTrue' (https://learn.microsoft.com/dotnet/core/testing/mstest-analyzers/mstest0037) [D:\Repo\FinanceMCP\StockData.Net\StockData.Net.IntegrationTests\StockData.Net.IntegrationTests.csproj]
D:\Repo\FinanceMCP\StockData.Net\StockData.Net.IntegrationTests\StockDataIntegrationTests.cs(297,9): error MSTEST0037: Use 'Assert.AreEqual' instead of 'Assert.IsTrue' (https://learn.microsoft.com/dotnet/core/testing/mstest-analyzers/mstest0037) [D:\Repo\FinanceMCP\StockData.Net\StockData.Net.IntegrationTests\StockData.Net.IntegrationTests.csproj]
D:\Repo\FinanceMCP\StockData.Net\StockData.Net.IntegrationTests\StockDataIntegrationTests.cs(357,13): error MSTEST0037: Use 'Assert.IsGreaterThan' instead of 'Assert.IsTrue' (https://learn.microsoft.com/dotnet/core/testing/mstest-analyzers/mstest0037) [D:\Repo\FinanceMCP\StockData.Net\StockData.Net.IntegrationTests\StockData.Net.IntegrationTests.csproj]
D:\Repo\FinanceMCP\StockData.Net\StockData.Net.IntegrationTests\StockDataIntegrationTests.cs(384,9): error MSTEST0037: Use 'Assert.AreEqual' instead of 'Assert.IsTrue' (https://learn.microsoft.com/dotnet/core/testing/mstest-analyzers/mstest0037) [D:\Repo\FinanceMCP\StockData.Net\StockData.Net.IntegrationTests\StockData.Net.IntegrationTests.csproj]
D:\Repo\FinanceMCP\StockData.Net\StockData.Net.Tests\YahooFinanceClientTests.cs(14,38): error CS8618: Non-nullable field '_mockHttpHandler' must contain a non-null value when exiting constructor. Consider adding the 'required' modifier or declaring the field as nullable. [D:\Repo\FinanceMCP\StockData.Net\StockData.Net.Tests\StockData.Net.Tests.csproj]
D:\Repo\FinanceMCP\StockData.Net\StockData.Net.Tests\YahooFinanceClientTests.cs(15,24): error CS8618: Non-nullable field '_httpClient' must contain a non-null value when exiting constructor. Consider adding the 'required' modifier or declaring the field as nullable. [D:\Repo\FinanceMCP\StockData.Net\StockData.Net.Tests\StockData.Net.Tests.csproj]
D:\Repo\FinanceMCP\StockData.Net\StockData.Net.Tests\YahooFinanceClientTests.cs(16,32): error CS8618: Non-nullable field '_client' must contain a non-null value when exiting constructor. Consider adding the 'required' modifier or declaring the field as nullable. [D:\Repo\FinanceMCP\StockData.Net\StockData.Net.Tests\StockData.Net.Tests.csproj]
D:\Repo\FinanceMCP\StockData.Net\StockData.Net.Tests\Providers\NewsAggregationRouterTests.cs(54,9): error MSTEST0037: Use 'Assert.Contains' instead of 'Assert.IsTrue' (https://learn.microsoft.com/dotnet/core/testing/mstest-analyzers/mstest0037) [D:\Repo\FinanceMCP\StockData.Net\StockData.Net.Tests\StockData.Net.Tests.csproj]
D:\Repo\FinanceMCP\StockData.Net\StockData.Net.Tests\Providers\NewsAggregationRouterTests.cs(31,9): error MSTEST0037: Use 'Assert.Contains' instead of 'Assert.IsTrue' (https://learn.microsoft.com/dotnet/core/testing/mstest-analyzers/mstest0037) [D:\Repo\FinanceMCP\StockData.Net\StockData.Net.Tests\StockData.Net.Tests.csproj]
D:\Repo\FinanceMCP\StockData.Net\StockData.Net.Tests\Providers\NewsAggregationRouterTests.cs(76,9): error MSTEST0037: Use 'Assert.DoesNotContain' instead of 'Assert.IsFalse' (https://learn.microsoft.com/dotnet/core/testing/mstest-analyzers/mstest0037) [D:\Repo\FinanceMCP\StockData.Net\StockData.Net.Tests\StockData.Net.Tests.csproj]
D:\Repo\FinanceMCP\StockData.Net\StockData.Net.Tests\Providers\ProviderHealthMonitorTests.cs(56,9): error MSTEST0037: Use 'Assert.IsGreaterThan' instead of 'Assert.IsTrue' (https://learn.microsoft.com/dotnet/core/testing/mstest-analyzers/mstest0037) [D:\Repo\FinanceMCP\StockData.Net\StockData.Net.Tests\StockData.Net.Tests.csproj]
D:\Repo\FinanceMCP\StockData.Net\StockData.Net.Tests\ConfigurationLoaderTests.cs(125,9): error MSTEST0037: Use 'Assert.HasCount' instead of 'Assert.AreEqual' (https://learn.microsoft.com/dotnet/core/testing/mstest-analyzers/mstest0037) [D:\Repo\FinanceMCP\StockData.Net\StockData.Net.Tests\StockData.Net.Tests.csproj]
D:\Repo\FinanceMCP\StockData.Net\StockData.Net.Tests\Deduplication\NewsDeduplicatorTests.cs(37,9): error MSTEST0037: Use 'Assert.Contains' instead of 'Assert.IsTrue' (https://learn.microsoft.com/dotnet/core/testing/mstest-analyzers/mstest0037) [D:\Repo\FinanceMCP\StockData.Net\StockData.Net.Tests\StockData.Net.Tests.csproj]
D:\Repo\FinanceMCP\StockData.Net\StockData.Net.Tests\Deduplication\NewsDeduplicatorTests.cs(38,9): error MSTEST0037: Use 'Assert.Contains' instead of 'Assert.IsTrue' (https://learn.microsoft.com/dotnet/core/testing/mstest-analyzers/mstest0037) [D:\Repo\FinanceMCP\StockData.Net\StockData.Net.Tests\StockData.Net.Tests.csproj]
D:\Repo\FinanceMCP\StockData.Net\StockData.Net.Tests\Deduplication\NewsDeduplicatorTests.cs(39,9): error MSTEST0037: Use 'Assert.Contains' instead of 'Assert.IsTrue' (https://learn.microsoft.com/dotnet/core/testing/mstest-analyzers/mstest0037) [D:\Repo\FinanceMCP\StockData.Net\StockData.Net.Tests\StockData.Net.Tests.csproj]
D:\Repo\FinanceMCP\StockData.Net\StockData.Net.Tests\ConfigurationLoaderTests.cs(38,9): error MSTEST0037: Use 'Assert.HasCount' instead of 'Assert.AreEqual' (https://learn.microsoft.com/dotnet/core/testing/mstest-analyzers/mstest0037) [D:\Repo\FinanceMCP\StockData.Net\StockData.Net.Tests\StockData.Net.Tests.csproj]
D:\Repo\FinanceMCP\StockData.Net\StockData.Net.Tests\Deduplication\NewsDeduplicatorTests.cs(80,9): error MSTEST0037: Use 'Assert.Contains' instead of 'Assert.IsTrue' (https://learn.microsoft.com/dotnet/core/testing/mstest-analyzers/mstest0037) [D:\Repo\FinanceMCP\StockData.Net\StockData.Net.Tests\StockData.Net.Tests.csproj]
D:\Repo\FinanceMCP\StockData.Net\StockData.Net.Tests\Deduplication\NewsDeduplicatorTests.cs(60,9): error MSTEST0037: Use 'Assert.Contains' instead of 'Assert.IsTrue' (https://learn.microsoft.com/dotnet/core/testing/mstest-analyzers/mstest0037) [D:\Repo\FinanceMCP\StockData.Net\StockData.Net.Tests\StockData.Net.Tests.csproj]
D:\Repo\FinanceMCP\StockData.Net\StockData.Net.Tests\Deduplication\NewsDeduplicatorTests.cs(81,9): error MSTEST0037: Use 'Assert.Contains' instead of 'Assert.IsTrue' (https://learn.microsoft.com/dotnet/core/testing/mstest-analyzers/mstest0037) [D:\Repo\FinanceMCP\StockData.Net\StockData.Net.Tests\StockData.Net.Tests.csproj]
D:\Repo\FinanceMCP\StockData.Net\StockData.Net.Tests\YahooFinanceClientTests.cs(173,9): error MSTEST0037: Use 'Assert.Contains' instead of 'Assert.IsTrue' (https://learn.microsoft.com/dotnet/core/testing/mstest-analyzers/mstest0037) [D:\Repo\FinanceMCP\StockData.Net\StockData.Net.Tests\StockData.Net.Tests.csproj]
D:\Repo\FinanceMCP\StockData.Net\StockData.Net.Tests\YahooFinanceClientTests.cs(158,9): error MSTEST0037: Use 'Assert.Contains' instead of 'Assert.IsTrue' (https://learn.microsoft.com/dotnet/core/testing/mstest-analyzers/mstest0037) [D:\Repo\FinanceMCP\StockData.Net\StockData.Net.Tests\StockData.Net.Tests.csproj]
D:\Repo\FinanceMCP\StockData.Net\StockData.Net.Tests\YahooFinanceClientTests.cs(93,9): error MSTEST0037: Use 'Assert.Contains' instead of 'Assert.IsTrue' (https://learn.microsoft.com/dotnet/core/testing/mstest-analyzers/mstest0037) [D:\Repo\FinanceMCP\StockData.Net\StockData.Net.Tests\StockData.Net.Tests.csproj]
D:\Repo\FinanceMCP\StockData.Net\StockData.Net.Tests\YahooFinanceClientTests.cs(78,9): error MSTEST0037: Use 'Assert.Contains' instead of 'Assert.IsTrue' (https://learn.microsoft.com/dotnet/core/testing/mstest-analyzers/mstest0037) [D:\Repo\FinanceMCP\StockData.Net\StockData.Net.Tests\StockData.Net.Tests.csproj]
D:\Repo\FinanceMCP\StockData.Net\StockData.Net.Tests\YahooFinanceClientTests.cs(159,9): error MSTEST0037: Use 'Assert.Contains' instead of 'Assert.IsTrue' (https://learn.microsoft.com/dotnet/core/testing/mstest-analyzers/mstest0037) [D:\Repo\FinanceMCP\StockData.Net\StockData.Net.Tests\StockData.Net.Tests.csproj]
D:\Repo\FinanceMCP\StockData.Net\StockData.Net.Tests\YahooFinanceClientTests.cs(130,9): error MSTEST0037: Use 'Assert.Contains' instead of 'Assert.IsTrue' (https://learn.microsoft.com/dotnet/core/testing/mstest-analyzers/mstest0037) [D:\Repo\FinanceMCP\StockData.Net\StockData.Net.Tests\StockData.Net.Tests.csproj]
D:\Repo\FinanceMCP\StockData.Net\StockData.Net.Tests\YahooFinanceClientTests.cs(79,9): error MSTEST0037: Use 'Assert.Contains' instead of 'Assert.IsTrue' (https://learn.microsoft.com/dotnet/core/testing/mstest-analyzers/mstest0037) [D:\Repo\FinanceMCP\StockData.Net\StockData.Net.Tests\StockData.Net.Tests.csproj]
D:\Repo\FinanceMCP\StockData.Net\StockData.Net.Tests\Providers\ProviderHealthMonitorTests.cs(155,9): error MSTEST0037: Use 'Assert.HasCount' instead of 'Assert.AreEqual' (https://learn.microsoft.com/dotnet/core/testing/mstest-analyzers/mstest0037) [D:\Repo\FinanceMCP\StockData.Net\StockData.Net.Tests\StockData.Net.Tests.csproj]
D:\Repo\FinanceMCP\StockData.Net\StockData.Net.Tests\ConfigurationLoaderTests.cs(371,9): error MSTEST0037: Use 'Assert.HasCount' instead of 'Assert.AreEqual' (https://learn.microsoft.com/dotnet/core/testing/mstest-analyzers/mstest0037) [D:\Repo\FinanceMCP\StockData.Net\StockData.Net.Tests\StockData.Net.Tests.csproj]
D:\Repo\FinanceMCP\StockData.Net\StockData.Net.Tests\ConfigurationLoaderTests.cs(422,9): error MSTEST0037: Use 'Assert.HasCount' instead of 'Assert.AreEqual' (https://learn.microsoft.com/dotnet/core/testing/mstest-analyzers/mstest0037) [D:\Repo\FinanceMCP\StockData.Net\StockData.Net.Tests\StockData.Net.Tests.csproj]
D:\Repo\FinanceMCP\StockData.Net\StockData.Net.Tests\Providers\NewsAggregationRouterTests.cs(123,9): error MSTEST0037: Use 'Assert.DoesNotContain' instead of 'Assert.IsFalse' (https://learn.microsoft.com/dotnet/core/testing/mstest-analyzers/mstest0037) [D:\Repo\FinanceMCP\StockData.Net\StockData.Net.Tests\StockData.Net.Tests.csproj]
D:\Repo\FinanceMCP\StockData.Net\StockData.Net.Tests\YahooFinanceClientTests.cs(454,9): error MSTEST0037: Use 'Assert.Contains' instead of 'Assert.IsTrue' (https://learn.microsoft.com/dotnet/core/testing/mstest-analyzers/mstest0037) [D:\Repo\FinanceMCP\StockData.Net\StockData.Net.Tests\StockData.Net.Tests.csproj]
D:\Repo\FinanceMCP\StockData.Net\StockData.Net.Tests\YahooFinanceClientTests.cs(455,9): error MSTEST0037: Use 'Assert.Contains' instead of 'Assert.IsTrue' (https://learn.microsoft.com/dotnet/core/testing/mstest-analyzers/mstest0037) [D:\Repo\FinanceMCP\StockData.Net\StockData.Net.Tests\StockData.Net.Tests.csproj]
D:\Repo\FinanceMCP\StockData.Net\StockData.Net.Tests\Deduplication\NewsDeduplicatorTests.cs(160,9): error MSTEST0037: Use 'Assert.IsLessThan' instead of 'Assert.IsTrue' (https://learn.microsoft.com/dotnet/core/testing/mstest-analyzers/mstest0037) [D:\Repo\FinanceMCP\StockData.Net\StockData.Net.Tests\StockData.Net.Tests.csproj]
D:\Repo\FinanceMCP\StockData.Net\StockData.Net.Tests\Providers\FailoverTests.cs(170,13): error MSTEST0037: Use 'Assert.HasCount' instead of 'Assert.AreEqual' (https://learn.microsoft.com/dotnet/core/testing/mstest-analyzers/mstest0037) [D:\Repo\FinanceMCP\StockData.Net\StockData.Net.Tests\StockData.Net.Tests.csproj]
D:\Repo\FinanceMCP\StockData.Net\StockData.Net.Tests\Providers\FailoverTests.cs(212,9): error MSTEST0037: Use 'Assert.IsLessThan' instead of 'Assert.IsTrue' (https://learn.microsoft.com/dotnet/core/testing/mstest-analyzers/mstest0037) [D:\Repo\FinanceMCP\StockData.Net\StockData.Net.Tests\StockData.Net.Tests.csproj]
D:\Repo\FinanceMCP\StockData.Net\StockData.Net.Tests\Providers\FailoverTests.cs(174,13): error MSTEST0037: Use 'Assert.HasCount' instead of 'Assert.AreEqual' (https://learn.microsoft.com/dotnet/core/testing/mstest-analyzers/mstest0037) [D:\Repo\FinanceMCP\StockData.Net\StockData.Net.Tests\StockData.Net.Tests.csproj]
D:\Repo\FinanceMCP\StockData.Net\StockData.Net.Tests\YahooFinanceClientTests.cs(669,9): error MSTEST0037: Use 'Assert.Contains' instead of 'Assert.IsTrue' (https://learn.microsoft.com/dotnet/core/testing/mstest-analyzers/mstest0037) [D:\Repo\FinanceMCP\StockData.Net\StockData.Net.Tests\StockData.Net.Tests.csproj]
D:\Repo\FinanceMCP\StockData.Net\StockData.Net.Tests\YahooFinanceClientTests.cs(688,9): error MSTEST0037: Use 'Assert.Contains' instead of 'Assert.IsTrue' (https://learn.microsoft.com/dotnet/core/testing/mstest-analyzers/mstest0037) [D:\Repo\FinanceMCP\StockData.Net\StockData.Net.Tests\StockData.Net.Tests.csproj]
D:\Repo\FinanceMCP\StockData.Net\StockData.Net.Tests\YahooFinanceClientTests.cs(689,9): error MSTEST0037: Use 'Assert.Contains' instead of 'Assert.IsTrue' (https://learn.microsoft.com/dotnet/core/testing/mstest-analyzers/mstest0037) [D:\Repo\FinanceMCP\StockData.Net\StockData.Net.Tests\StockData.Net.Tests.csproj]
D:\Repo\FinanceMCP\StockData.Net\StockData.Net.Tests\YahooFinanceClientTests.cs(707,9): error MSTEST0037: Use 'Assert.Contains' instead of 'Assert.IsTrue' (https://learn.microsoft.com/dotnet/core/testing/mstest-analyzers/mstest0037) [D:\Repo\FinanceMCP\StockData.Net\StockData.Net.Tests\StockData.Net.Tests.csproj]
D:\Repo\FinanceMCP\StockData.Net\StockData.Net.Tests\YahooFinanceClientTests.cs(764,9): error MSTEST0037: Use 'Assert.Contains' instead of 'Assert.IsTrue' (https://learn.microsoft.com/dotnet/core/testing/mstest-analyzers/mstest0037) [D:\Repo\FinanceMCP\StockData.Net\StockData.Net.Tests\StockData.Net.Tests.csproj]
D:\Repo\FinanceMCP\StockData.Net\StockData.Net.Tests\YahooFinanceClientTests.cs(765,9): error MSTEST0037: Use 'Assert.Contains' instead of 'Assert.IsTrue' (https://learn.microsoft.com/dotnet/core/testing/mstest-analyzers/mstest0037) [D:\Repo\FinanceMCP\StockData.Net\StockData.Net.Tests\StockData.Net.Tests.csproj]
D:\Repo\FinanceMCP\StockData.Net\StockData.Net.Tests\YahooFinanceClientTests.cs(726,9): error MSTEST0037: Use 'Assert.Contains' instead of 'Assert.IsTrue' (https://learn.microsoft.com/dotnet/core/testing/mstest-analyzers/mstest0037) [D:\Repo\FinanceMCP\StockData.Net\StockData.Net.Tests\StockData.Net.Tests.csproj]
D:\Repo\FinanceMCP\StockData.Net\StockData.Net.Tests\YahooFinanceClientTests.cs(745,9): error MSTEST0037: Use 'Assert.Contains' instead of 'Assert.IsTrue' (https://learn.microsoft.com/dotnet/core/testing/mstest-analyzers/mstest0037) [D:\Repo\FinanceMCP\StockData.Net\StockData.Net.Tests\StockData.Net.Tests.csproj]
D:\Repo\FinanceMCP\StockData.Net\StockData.Net.Tests\YahooFinanceClientTests.cs(746,9): error MSTEST0037: Use 'Assert.Contains' instead of 'Assert.IsTrue' (https://learn.microsoft.com/dotnet/core/testing/mstest-analyzers/mstest0037) [D:\Repo\FinanceMCP\StockData.Net\StockData.Net.Tests\StockData.Net.Tests.csproj]
D:\Repo\FinanceMCP\StockData.Net\StockData.Net.Tests\YahooFinanceClientTests.cs(783,9): error MSTEST0037: Use 'Assert.Contains' instead of 'Assert.IsTrue' (https://learn.microsoft.com/dotnet/core/testing/mstest-analyzers/mstest0037) [D:\Repo\FinanceMCP\StockData.Net\StockData.Net.Tests\StockData.Net.Tests.csproj]
D:\Repo\FinanceMCP\StockData.Net\StockData.Net.Tests\YahooFinanceClientTests.cs(784,9): error MSTEST0037: Use 'Assert.Contains' instead of 'Assert.IsTrue' (https://learn.microsoft.com/dotnet/core/testing/mstest-analyzers/mstest0037) [D:\Repo\FinanceMCP\StockData.Net\StockData.Net.Tests\StockData.Net.Tests.csproj]
D:\Repo\FinanceMCP\StockData.Net\StockData.Net.Tests\YahooFinanceClientTests.cs(803,9): error MSTEST0037: Use 'Assert.Contains' instead of 'Assert.IsTrue' (https://learn.microsoft.com/dotnet/core/testing/mstest-analyzers/mstest0037) [D:\Repo\FinanceMCP\StockData.Net\StockData.Net.Tests\StockData.Net.Tests.csproj]
D:\Repo\FinanceMCP\StockData.Net\StockData.Net.Tests\YahooFinanceClientTests.cs(804,9): error MSTEST0037: Use 'Assert.Contains' instead of 'Assert.IsTrue' (https://learn.microsoft.com/dotnet/core/testing/mstest-analyzers/mstest0037) [D:\Repo\FinanceMCP\StockData.Net\StockData.Net.Tests\StockData.Net.Tests.csproj]
D:\Repo\FinanceMCP\StockData.Net\StockData.Net.Tests\YahooFinanceClientTests.cs(822,9): error MSTEST0037: Use 'Assert.Contains' instead of 'Assert.IsTrue' (https://learn.microsoft.com/dotnet/core/testing/mstest-analyzers/mstest0037) [D:\Repo\FinanceMCP\StockData.Net\StockData.Net.Tests\StockData.Net.Tests.csproj]
D:\Repo\FinanceMCP\StockData.Net\StockData.Net.Tests\YahooFinanceClientTests.cs(823,9): error MSTEST0037: Use 'Assert.Contains' instead of 'Assert.IsTrue' (https://learn.microsoft.com/dotnet/core/testing/mstest-analyzers/mstest0037) [D:\Repo\FinanceMCP\StockData.Net\StockData.Net.Tests\StockData.Net.Tests.csproj]
D:\Repo\FinanceMCP\StockData.Net\StockData.Net.Tests\YahooFinanceClientTests.cs(890,9): error MSTEST0037: Use 'Assert.Contains' instead of 'Assert.IsTrue' (https://learn.microsoft.com/dotnet/core/testing/mstest-analyzers/mstest0037) [D:\Repo\FinanceMCP\StockData.Net\StockData.Net.Tests\StockData.Net.Tests.csproj]
D:\Repo\FinanceMCP\StockData.Net\StockData.Net.Tests\YahooFinanceClientTests.cs(904,9): error MSTEST0037: Use 'Assert.Contains' instead of 'Assert.IsTrue' (https://learn.microsoft.com/dotnet/core/testing/mstest-analyzers/mstest0037) [D:\Repo\FinanceMCP\StockData.Net\StockData.Net.Tests\StockData.Net.Tests.csproj]
D:\Repo\FinanceMCP\StockData.Net\StockData.Net.Tests\YahooFinanceClientTests.cs(932,9): error MSTEST0037: Use 'Assert.Contains' instead of 'Assert.IsTrue' (https://learn.microsoft.com/dotnet/core/testing/mstest-analyzers/mstest0037) [D:\Repo\FinanceMCP\StockData.Net\StockData.Net.Tests\StockData.Net.Tests.csproj]
D:\Repo\FinanceMCP\StockData.Net\StockData.Net.Tests\YahooFinanceClientTests.cs(918,9): error MSTEST0037: Use 'Assert.Contains' instead of 'Assert.IsTrue' (https://learn.microsoft.com/dotnet/core/testing/mstest-analyzers/mstest0037) [D:\Repo\FinanceMCP\StockData.Net\StockData.Net.Tests\StockData.Net.Tests.csproj]
D:\Repo\FinanceMCP\StockData.Net\StockData.Net.Tests\YahooFinanceClientTests.cs(947,9): error MSTEST0037: Use 'Assert.Contains' instead of 'Assert.IsTrue' (https://learn.microsoft.com/dotnet/core/testing/mstest-analyzers/mstest0037) [D:\Repo\FinanceMCP\StockData.Net\StockData.Net.Tests\StockData.Net.Tests.csproj]
D:\Repo\FinanceMCP\StockData.Net\StockData.Net.Tests\YahooFinanceClientTests.cs(875,9): error MSTEST0037: Use 'Assert.Contains' instead of 'Assert.IsTrue' (https://learn.microsoft.com/dotnet/core/testing/mstest-analyzers/mstest0037) [D:\Repo\FinanceMCP\StockData.Net\StockData.Net.Tests\StockData.Net.Tests.csproj]
D:\Repo\FinanceMCP\StockData.Net\StockData.Net.Tests\YahooFinanceClientTests.cs(876,9): error MSTEST0037: Use 'Assert.DoesNotContain' instead of 'Assert.IsFalse' (https://learn.microsoft.com/dotnet/core/testing/mstest-analyzers/mstest0037) [D:\Repo\FinanceMCP\StockData.Net\StockData.Net.Tests\StockData.Net.Tests.csproj]
D:\Repo\FinanceMCP\StockData.Net\StockData.Net.Tests\YahooFinanceClientTests.cs(961,9): error MSTEST0037: Use 'Assert.Contains' instead of 'Assert.IsTrue' (https://learn.microsoft.com/dotnet/core/testing/mstest-analyzers/mstest0037) [D:\Repo\FinanceMCP\StockData.Net\StockData.Net.Tests\StockData.Net.Tests.csproj]
D:\Repo\FinanceMCP\StockData.Net\StockData.Net.Tests\YahooFinanceClientTests.cs(992,9): error MSTEST0037: Use 'Assert.Contains' instead of 'Assert.IsTrue' (https://learn.microsoft.com/dotnet/core/testing/mstest-analyzers/mstest0037) [D:\Repo\FinanceMCP\StockData.Net\StockData.Net.Tests\StockData.Net.Tests.csproj]
D:\Repo\FinanceMCP\StockData.Net\StockData.Net.Tests\YahooFinanceClientTests.cs(515,9): error MSTEST0037: Use 'Assert.DoesNotContain' instead of 'Assert.IsFalse' (https://learn.microsoft.com/dotnet/core/testing/mstest-analyzers/mstest0037) [D:\Repo\FinanceMCP\StockData.Net\StockData.Net.Tests\StockData.Net.Tests.csproj]
D:\Repo\FinanceMCP\StockData.Net\StockData.Net.McpServer.Tests\McpServerTests.cs(121,9): error MSTEST0037: Use 'Assert.Contains' instead of 'Assert.IsTrue' (https://learn.microsoft.com/dotnet/core/testing/mstest-analyzers/mstest0037) [D:\Repo\FinanceMCP\StockData.Net\StockData.Net.McpServer.Tests\StockData.Net.McpServer.Tests.csproj]
D:\Repo\FinanceMCP\StockData.Net\StockData.Net.McpServer.Tests\McpServerTests.cs(484,9): error MSTEST0037: Use 'Assert.Contains' instead of 'Assert.IsTrue' (https://learn.microsoft.com/dotnet/core/testing/mstest-analyzers/mstest0037) [D:\Repo\FinanceMCP\StockData.Net\StockData.Net.McpServer.Tests\StockData.Net.McpServer.Tests.csproj]
D:\Repo\FinanceMCP\StockData.Net\StockData.Net.McpServer.Tests\McpServerTests.cs(162,9): error MSTEST0037: Use 'Assert.Contains' instead of 'Assert.IsTrue' (https://learn.microsoft.com/dotnet/core/testing/mstest-analyzers/mstest0037) [D:\Repo\FinanceMCP\StockData.Net\StockData.Net.McpServer.Tests\StockData.Net.McpServer.Tests.csproj]
D:\Repo\FinanceMCP\StockData.Net\StockData.Net.McpServer.Tests\McpServerTests.cs(91,9): error MSTEST0037: Use 'Assert.Contains' instead of 'Assert.IsTrue' (https://learn.microsoft.com/dotnet/core/testing/mstest-analyzers/mstest0037) [D:\Repo\FinanceMCP\StockData.Net\StockData.Net.McpServer.Tests\StockData.Net.McpServer.Tests.csproj]
D:\Repo\FinanceMCP\StockData.Net\StockData.Net.McpServer.Tests\McpServerTests.cs(509,9): error MSTEST0037: Use 'Assert.Contains' instead of 'Assert.IsTrue' (https://learn.microsoft.com/dotnet/core/testing/mstest-analyzers/mstest0037) [D:\Repo\FinanceMCP\StockData.Net\StockData.Net.McpServer.Tests\StockData.Net.McpServer.Tests.csproj]
D:\Repo\FinanceMCP\StockData.Net\StockData.Net.McpServer.Tests\McpServerTests.cs(92,9): error MSTEST0037: Use 'Assert.Contains' instead of 'Assert.IsTrue' (https://learn.microsoft.com/dotnet/core/testing/mstest-analyzers/mstest0037) [D:\Repo\FinanceMCP\StockData.Net\StockData.Net.McpServer.Tests\StockData.Net.McpServer.Tests.csproj]
D:\Repo\FinanceMCP\StockData.Net\StockData.Net.McpServer.Tests\McpServerTests.cs(93,9): error MSTEST0037: Use 'Assert.Contains' instead of 'Assert.IsTrue' (https://learn.microsoft.com/dotnet/core/testing/mstest-analyzers/mstest0037) [D:\Repo\FinanceMCP\StockData.Net\StockData.Net.McpServer.Tests\StockData.Net.McpServer.Tests.csproj]
D:\Repo\FinanceMCP\StockData.Net\StockData.Net.McpServer.Tests\McpServerTests.cs(94,9): error MSTEST0037: Use 'Assert.Contains' instead of 'Assert.IsTrue' (https://learn.microsoft.com/dotnet/core/testing/mstest-analyzers/mstest0037) [D:\Repo\FinanceMCP\StockData.Net\StockData.Net.McpServer.Tests\StockData.Net.McpServer.Tests.csproj]
D:\Repo\FinanceMCP\StockData.Net\StockData.Net.McpServer.Tests\McpServerTests.cs(95,9): error MSTEST0037: Use 'Assert.Contains' instead of 'Assert.IsTrue' (https://learn.microsoft.com/dotnet/core/testing/mstest-analyzers/mstest0037) [D:\Repo\FinanceMCP\StockData.Net\StockData.Net.McpServer.Tests\StockData.Net.McpServer.Tests.csproj]
D:\Repo\FinanceMCP\StockData.Net\StockData.Net.McpServer.Tests\McpServerTests.cs(96,9): error MSTEST0037: Use 'Assert.Contains' instead of 'Assert.IsTrue' (https://learn.microsoft.com/dotnet/core/testing/mstest-analyzers/mstest0037) [D:\Repo\FinanceMCP\StockData.Net\StockData.Net.McpServer.Tests\StockData.Net.McpServer.Tests.csproj]
D:\Repo\FinanceMCP\StockData.Net\StockData.Net.McpServer.Tests\McpServerTests.cs(97,9): error MSTEST0037: Use 'Assert.Contains' instead of 'Assert.IsTrue' (https://learn.microsoft.com/dotnet/core/testing/mstest-analyzers/mstest0037) [D:\Repo\FinanceMCP\StockData.Net\StockData.Net.McpServer.Tests\StockData.Net.McpServer.Tests.csproj]
D:\Repo\FinanceMCP\StockData.Net\StockData.Net.McpServer.Tests\McpServerTests.cs(98,9): error MSTEST0037: Use 'Assert.Contains' instead of 'Assert.IsTrue' (https://learn.microsoft.com/dotnet/core/testing/mstest-analyzers/mstest0037) [D:\Repo\FinanceMCP\StockData.Net\StockData.Net.McpServer.Tests\StockData.Net.McpServer.Tests.csproj]
D:\Repo\FinanceMCP\StockData.Net\StockData.Net.McpServer.Tests\McpServerTests.cs(99,9): error MSTEST0037: Use 'Assert.Contains' instead of 'Assert.IsTrue' (https://learn.microsoft.com/dotnet/core/testing/mstest-analyzers/mstest0037) [D:\Repo\FinanceMCP\StockData.Net\StockData.Net.McpServer.Tests\StockData.Net.McpServer.Tests.csproj]
D:\Repo\FinanceMCP\StockData.Net\StockData.Net.McpServer.Tests\McpServerTests.cs(100,9): error MSTEST0037: Use 'Assert.Contains' instead of 'Assert.IsTrue' (https://learn.microsoft.com/dotnet/core/testing/mstest-analyzers/mstest0037) [D:\Repo\FinanceMCP\StockData.Net\StockData.Net.McpServer.Tests\StockData.Net.McpServer.Tests.csproj]
D:\Repo\FinanceMCP\StockData.Net\StockData.Net.McpServer.Tests\McpServerTests.cs(67,9): error MSTEST0037: Use 'Assert.Contains' instead of 'Assert.IsTrue' (https://learn.microsoft.com/dotnet/core/testing/mstest-analyzers/mstest0037) [D:\Repo\FinanceMCP\StockData.Net\StockData.Net.McpServer.Tests\StockData.Net.McpServer.Tests.csproj]
D:\Repo\FinanceMCP\StockData.Net\StockData.Net.McpServer.Tests\McpServerTests.cs(68,9): error MSTEST0037: Use 'Assert.Contains' instead of 'Assert.IsTrue' (https://learn.microsoft.com/dotnet/core/testing/mstest-analyzers/mstest0037) [D:\Repo\FinanceMCP\StockData.Net\StockData.Net.McpServer.Tests\StockData.Net.McpServer.Tests.csproj]
D:\Repo\FinanceMCP\StockData.Net\StockData.Net.McpServer.Tests\McpServerTests.cs(563,9): error MSTEST0037: Use 'Assert.Contains' instead of 'Assert.IsTrue' (https://learn.microsoft.com/dotnet/core/testing/mstest-analyzers/mstest0037) [D:\Repo\FinanceMCP\StockData.Net\StockData.Net.McpServer.Tests\StockData.Net.McpServer.Tests.csproj]
D:\Repo\FinanceMCP\StockData.Net\StockData.Net.McpServer.Tests\McpServerTests.cs(591,9): error MSTEST0037: Use 'Assert.Contains' instead of 'Assert.IsTrue' (https://learn.microsoft.com/dotnet/core/testing/mstest-analyzers/mstest0037) [D:\Repo\FinanceMCP\StockData.Net\StockData.Net.McpServer.Tests\StockData.Net.McpServer.Tests.csproj]
D:\Repo\FinanceMCP\StockData.Net\StockData.Net.McpServer.Tests\McpServerTests.cs(621,9): error MSTEST0037: Use 'Assert.Contains' instead of 'Assert.IsTrue' (https://learn.microsoft.com/dotnet/core/testing/mstest-analyzers/mstest0037) [D:\Repo\FinanceMCP\StockData.Net\StockData.Net.McpServer.Tests\StockData.Net.McpServer.Tests.csproj]
D:\Repo\FinanceMCP\StockData.Net\StockData.Net.McpServer.Tests\McpServerTests.cs(649,9): error MSTEST0037: Use 'Assert.Contains' instead of 'Assert.IsTrue' (https://learn.microsoft.com/dotnet/core/testing/mstest-analyzers/mstest0037) [D:\Repo\FinanceMCP\StockData.Net\StockData.Net.McpServer.Tests\StockData.Net.McpServer.Tests.csproj]
D:\Repo\FinanceMCP\StockData.Net\StockData.Net.McpServer.Tests\NewsAggregationMcpServerTests.cs(47,9): error MSTEST0037: Use 'Assert.Contains' instead of 'Assert.IsTrue' (https://learn.microsoft.com/dotnet/core/testing/mstest-analyzers/mstest0037) [D:\Repo\FinanceMCP\StockData.Net\StockData.Net.McpServer.Tests\StockData.Net.McpServer.Tests.csproj]
D:\Repo\FinanceMCP\StockData.Net\StockData.Net.McpServer.Tests\NewsAggregationMcpServerTests.cs(48,9): error MSTEST0037: Use 'Assert.Contains' instead of 'Assert.IsTrue' (https://learn.microsoft.com/dotnet/core/testing/mstest-analyzers/mstest0037) [D:\Repo\FinanceMCP\StockData.Net\StockData.Net.McpServer.Tests\StockData.Net.McpServer.Tests.csproj]
D:\Repo\FinanceMCP\StockData.Net\StockData.Net.McpServer.Tests\McpServerTests.cs(1138,9): error MSTEST0037: Use 'Assert.Contains' instead of 'Assert.IsTrue' (https://learn.microsoft.com/dotnet/core/testing/mstest-analyzers/mstest0037) [D:\Repo\FinanceMCP\StockData.Net\StockData.Net.McpServer.Tests\StockData.Net.McpServer.Tests.csproj]

Build FAILED.

D:\Repo\FinanceMCP\StockData.Net\StockData.Net.IntegrationTests\StockDataIntegrationTests.cs(264,13): error MSTEST0037: Use 'Assert.AreEqual' instead of 'Assert.IsTrue' (https://learn.microsoft.com/dotnet/core/testing/mstest-analyzers/mstest0037) [D:\Repo\FinanceMCP\StockData.Net\StockData.Net.IntegrationTests\StockData.Net.IntegrationTests.csproj]
D:\Repo\FinanceMCP\StockData.Net\StockData.Net.IntegrationTests\StockDataIntegrationTests.cs(297,9): error MSTEST0037: Use 'Assert.AreEqual' instead of 'Assert.IsTrue' (https://learn.microsoft.com/dotnet/core/testing/mstest-analyzers/mstest0037) [D:\Repo\FinanceMCP\StockData.Net\StockData.Net.IntegrationTests\StockData.Net.IntegrationTests.csproj]
D:\Repo\FinanceMCP\StockData.Net\StockData.Net.IntegrationTests\StockDataIntegrationTests.cs(357,13): error MSTEST0037: Use 'Assert.IsGreaterThan' instead of 'Assert.IsTrue' (https://learn.microsoft.com/dotnet/core/testing/mstest-analyzers/mstest0037) [D:\Repo\FinanceMCP\StockData.Net\StockData.Net.IntegrationTests\StockData.Net.IntegrationTests.csproj]
D:\Repo\FinanceMCP\StockData.Net\StockData.Net.IntegrationTests\StockDataIntegrationTests.cs(384,9): error MSTEST0037: Use 'Assert.AreEqual' instead of 'Assert.IsTrue' (https://learn.microsoft.com/dotnet/core/testing/mstest-analyzers/mstest0037) [D:\Repo\FinanceMCP\StockData.Net\StockData.Net.IntegrationTests\StockData.Net.IntegrationTests.csproj]
D:\Repo\FinanceMCP\StockData.Net\StockData.Net.Tests\YahooFinanceClientTests.cs(14,38): error CS8618: Non-nullable field '_mockHttpHandler' must contain a non-null value when exiting constructor. Consider adding the 'required' modifier or declaring the field as nullable. [D:\Repo\FinanceMCP\StockData.Net\StockData.Net.Tests\StockData.Net.Tests.csproj]
D:\Repo\FinanceMCP\StockData.Net\StockData.Net.Tests\YahooFinanceClientTests.cs(15,24): error CS8618: Non-nullable field '_httpClient' must contain a non-null value when exiting constructor. Consider adding the 'required' modifier or declaring the field as nullable. [D:\Repo\FinanceMCP\StockData.Net\StockData.Net.Tests\StockData.Net.Tests.csproj]
D:\Repo\FinanceMCP\StockData.Net\StockData.Net.Tests\YahooFinanceClientTests.cs(16,32): error CS8618: Non-nullable field '_client' must contain a non-null value when exiting constructor. Consider adding the 'required' modifier or declaring the field as nullable. [D:\Repo\FinanceMCP\StockData.Net\StockData.Net.Tests\StockData.Net.Tests.csproj]
D:\Repo\FinanceMCP\StockData.Net\StockData.Net.Tests\Providers\NewsAggregationRouterTests.cs(54,9): error MSTEST0037: Use 'Assert.Contains' instead of 'Assert.IsTrue' (https://learn.microsoft.com/dotnet/core/testing/mstest-analyzers/mstest0037) [D:\Repo\FinanceMCP\StockData.Net\StockData.Net.Tests\StockData.Net.Tests.csproj]
D:\Repo\FinanceMCP\StockData.Net\StockData.Net.Tests\Providers\NewsAggregationRouterTests.cs(31,9): error MSTEST0037: Use 'Assert.Contains' instead of 'Assert.IsTrue' (https://learn.microsoft.com/dotnet/core/testing/mstest-analyzers/mstest0037) [D:\Repo\FinanceMCP\StockData.Net\StockData.Net.Tests\StockData.Net.Tests.csproj]
D:\Repo\FinanceMCP\StockData.Net\StockData.Net.Tests\Providers\NewsAggregationRouterTests.cs(76,9): error MSTEST0037: Use 'Assert.DoesNotContain' instead of 'Assert.IsFalse' (https://learn.microsoft.com/dotnet/core/testing/mstest-analyzers/mstest0037) [D:\Repo\FinanceMCP\StockData.Net\StockData.Net.Tests\StockData.Net.Tests.csproj]
D:\Repo\FinanceMCP\StockData.Net\StockData.Net.Tests\Providers\ProviderHealthMonitorTests.cs(56,9): error MSTEST0037: Use 'Assert.IsGreaterThan' instead of 'Assert.IsTrue' (https://learn.microsoft.com/dotnet/core/testing/mstest-analyzers/mstest0037) [D:\Repo\FinanceMCP\StockData.Net\StockData.Net.Tests\StockData.Net.Tests.csproj]
D:\Repo\FinanceMCP\StockData.Net\StockData.Net.Tests\ConfigurationLoaderTests.cs(125,9): error MSTEST0037: Use 'Assert.HasCount' instead of 'Assert.AreEqual' (https://learn.microsoft.com/dotnet/core/testing/mstest-analyzers/mstest0037) [D:\Repo\FinanceMCP\StockData.Net\StockData.Net.Tests\StockData.Net.Tests.csproj]
D:\Repo\FinanceMCP\StockData.Net\StockData.Net.Tests\Deduplication\NewsDeduplicatorTests.cs(37,9): error MSTEST0037: Use 'Assert.Contains' instead of 'Assert.IsTrue' (https://learn.microsoft.com/dotnet/core/testing/mstest-analyzers/mstest0037) [D:\Repo\FinanceMCP\StockData.Net\StockData.Net.Tests\StockData.Net.Tests.csproj]
D:\Repo\FinanceMCP\StockData.Net\StockData.Net.Tests\Deduplication\NewsDeduplicatorTests.cs(38,9): error MSTEST0037: Use 'Assert.Contains' instead of 'Assert.IsTrue' (https://learn.microsoft.com/dotnet/core/testing/mstest-analyzers/mstest0037) [D:\Repo\FinanceMCP\StockData.Net\StockData.Net.Tests\StockData.Net.Tests.csproj]
D:\Repo\FinanceMCP\StockData.Net\StockData.Net.Tests\Deduplication\NewsDeduplicatorTests.cs(39,9): error MSTEST0037: Use 'Assert.Contains' instead of 'Assert.IsTrue' (https://learn.microsoft.com/dotnet/core/testing/mstest-analyzers/mstest0037) [D:\Repo\FinanceMCP\StockData.Net\StockData.Net.Tests\StockData.Net.Tests.csproj]
D:\Repo\FinanceMCP\StockData.Net\StockData.Net.Tests\ConfigurationLoaderTests.cs(38,9): error MSTEST0037: Use 'Assert.HasCount' instead of 'Assert.AreEqual' (https://learn.microsoft.com/dotnet/core/testing/mstest-analyzers/mstest0037) [D:\Repo\FinanceMCP\StockData.Net\StockData.Net.Tests\StockData.Net.Tests.csproj]
D:\Repo\FinanceMCP\StockData.Net\StockData.Net.Tests\Deduplication\NewsDeduplicatorTests.cs(80,9): error MSTEST0037: Use 'Assert.Contains' instead of 'Assert.IsTrue' (https://learn.microsoft.com/dotnet/core/testing/mstest-analyzers/mstest0037) [D:\Repo\FinanceMCP\StockData.Net\StockData.Net.Tests\StockData.Net.Tests.csproj]
D:\Repo\FinanceMCP\StockData.Net\StockData.Net.Tests\Deduplication\NewsDeduplicatorTests.cs(60,9): error MSTEST0037: Use 'Assert.Contains' instead of 'Assert.IsTrue' (https://learn.microsoft.com/dotnet/core/testing/mstest-analyzers/mstest0037) [D:\Repo\FinanceMCP\StockData.Net\StockData.Net.Tests\StockData.Net.Tests.csproj]
D:\Repo\FinanceMCP\StockData.Net\StockData.Net.Tests\Deduplication\NewsDeduplicatorTests.cs(81,9): error MSTEST0037: Use 'Assert.Contains' instead of 'Assert.IsTrue' (https://learn.microsoft.com/dotnet/core/testing/mstest-analyzers/mstest0037) [D:\Repo\FinanceMCP\StockData.Net\StockData.Net.Tests\StockData.Net.Tests.csproj]
D:\Repo\FinanceMCP\StockData.Net\StockData.Net.Tests\YahooFinanceClientTests.cs(173,9): error MSTEST0037: Use 'Assert.Contains' instead of 'Assert.IsTrue' (https://learn.microsoft.com/dotnet/core/testing/mstest-analyzers/mstest0037) [D:\Repo\FinanceMCP\StockData.Net\StockData.Net.Tests\StockData.Net.Tests.csproj]
D:\Repo\FinanceMCP\StockData.Net\StockData.Net.Tests\YahooFinanceClientTests.cs(158,9): error MSTEST0037: Use 'Assert.Contains' instead of 'Assert.IsTrue' (https://learn.microsoft.com/dotnet/core/testing/mstest-analyzers/mstest0037) [D:\Repo\FinanceMCP\StockData.Net\StockData.Net.Tests\StockData.Net.Tests.csproj]
D:\Repo\FinanceMCP\StockData.Net\StockData.Net.Tests\YahooFinanceClientTests.cs(93,9): error MSTEST0037: Use 'Assert.Contains' instead of 'Assert.IsTrue' (https://learn.microsoft.com/dotnet/core/testing/mstest-analyzers/mstest0037) [D:\Repo\FinanceMCP\StockData.Net\StockData.Net.Tests\StockData.Net.Tests.csproj]
D:\Repo\FinanceMCP\StockData.Net\StockData.Net.Tests\YahooFinanceClientTests.cs(78,9): error MSTEST0037: Use 'Assert.Contains' instead of 'Assert.IsTrue' (https://learn.microsoft.com/dotnet/core/testing/mstest-analyzers/mstest0037) [D:\Repo\FinanceMCP\StockData.Net\StockData.Net.Tests\StockData.Net.Tests.csproj]
D:\Repo\FinanceMCP\StockData.Net\StockData.Net.Tests\YahooFinanceClientTests.cs(159,9): error MSTEST0037: Use 'Assert.Contains' instead of 'Assert.IsTrue' (https://learn.microsoft.com/dotnet/core/testing/mstest-analyzers/mstest0037) [D:\Repo\FinanceMCP\StockData.Net\StockData.Net.Tests\StockData.Net.Tests.csproj]
D:\Repo\FinanceMCP\StockData.Net\StockData.Net.Tests\YahooFinanceClientTests.cs(130,9): error MSTEST0037: Use 'Assert.Contains' instead of 'Assert.IsTrue' (https://learn.microsoft.com/dotnet/core/testing/mstest-analyzers/mstest0037) [D:\Repo\FinanceMCP\StockData.Net\StockData.Net.Tests\StockData.Net.Tests.csproj]
D:\Repo\FinanceMCP\StockData.Net\StockData.Net.Tests\YahooFinanceClientTests.cs(79,9): error MSTEST0037: Use 'Assert.Contains' instead of 'Assert.IsTrue' (https://learn.microsoft.com/dotnet/core/testing/mstest-analyzers/mstest0037) [D:\Repo\FinanceMCP\StockData.Net\StockData.Net.Tests\StockData.Net.Tests.csproj]
D:\Repo\FinanceMCP\StockData.Net\StockData.Net.Tests\Providers\ProviderHealthMonitorTests.cs(155,9): error MSTEST0037: Use 'Assert.HasCount' instead of 'Assert.AreEqual' (https://learn.microsoft.com/dotnet/core/testing/mstest-analyzers/mstest0037) [D:\Repo\FinanceMCP\StockData.Net\StockData.Net.Tests\StockData.Net.Tests.csproj]
D:\Repo\FinanceMCP\StockData.Net\StockData.Net.Tests\ConfigurationLoaderTests.cs(371,9): error MSTEST0037: Use 'Assert.HasCount' instead of 'Assert.AreEqual' (https://learn.microsoft.com/dotnet/core/testing/mstest-analyzers/mstest0037) [D:\Repo\FinanceMCP\StockData.Net\StockData.Net.Tests\StockData.Net.Tests.csproj]
D:\Repo\FinanceMCP\StockData.Net\StockData.Net.Tests\ConfigurationLoaderTests.cs(422,9): error MSTEST0037: Use 'Assert.HasCount' instead of 'Assert.AreEqual' (https://learn.microsoft.com/dotnet/core/testing/mstest-analyzers/mstest0037) [D:\Repo\FinanceMCP\StockData.Net\StockData.Net.Tests\StockData.Net.Tests.csproj]
D:\Repo\FinanceMCP\StockData.Net\StockData.Net.Tests\Providers\NewsAggregationRouterTests.cs(123,9): error MSTEST0037: Use 'Assert.DoesNotContain' instead of 'Assert.IsFalse' (https://learn.microsoft.com/dotnet/core/testing/mstest-analyzers/mstest0037) [D:\Repo\FinanceMCP\StockData.Net\StockData.Net.Tests\StockData.Net.Tests.csproj]
D:\Repo\FinanceMCP\StockData.Net\StockData.Net.Tests\YahooFinanceClientTests.cs(454,9): error MSTEST0037: Use 'Assert.Contains' instead of 'Assert.IsTrue' (https://learn.microsoft.com/dotnet/core/testing/mstest-analyzers/mstest0037) [D:\Repo\FinanceMCP\StockData.Net\StockData.Net.Tests\StockData.Net.Tests.csproj]
D:\Repo\FinanceMCP\StockData.Net\StockData.Net.Tests\YahooFinanceClientTests.cs(455,9): error MSTEST0037: Use 'Assert.Contains' instead of 'Assert.IsTrue' (https://learn.microsoft.com/dotnet/core/testing/mstest-analyzers/mstest0037) [D:\Repo\FinanceMCP\StockData.Net\StockData.Net.Tests\StockData.Net.Tests.csproj]
D:\Repo\FinanceMCP\StockData.Net\StockData.Net.Tests\Deduplication\NewsDeduplicatorTests.cs(160,9): error MSTEST0037: Use 'Assert.IsLessThan' instead of 'Assert.IsTrue' (https://learn.microsoft.com/dotnet/core/testing/mstest-analyzers/mstest0037) [D:\Repo\FinanceMCP\StockData.Net\StockData.Net.Tests\StockData.Net.Tests.csproj]
D:\Repo\FinanceMCP\StockData.Net\StockData.Net.Tests\Providers\FailoverTests.cs(170,13): error MSTEST0037: Use 'Assert.HasCount' instead of 'Assert.AreEqual' (https://learn.microsoft.com/dotnet/core/testing/mstest-analyzers/mstest0037) [D:\Repo\FinanceMCP\StockData.Net\StockData.Net.Tests\StockData.Net.Tests.csproj]
D:\Repo\FinanceMCP\StockData.Net\StockData.Net.Tests\Providers\FailoverTests.cs(212,9): error MSTEST0037: Use 'Assert.IsLessThan' instead of 'Assert.IsTrue' (https://learn.microsoft.com/dotnet/core/testing/mstest-analyzers/mstest0037) [D:\Repo\FinanceMCP\StockData.Net\StockData.Net.Tests\StockData.Net.Tests.csproj]
D:\Repo\FinanceMCP\StockData.Net\StockData.Net.Tests\Providers\FailoverTests.cs(174,13): error MSTEST0037: Use 'Assert.HasCount' instead of 'Assert.AreEqual' (https://learn.microsoft.com/dotnet/core/testing/mstest-analyzers/mstest0037) [D:\Repo\FinanceMCP\StockData.Net\StockData.Net.Tests\StockData.Net.Tests.csproj]
D:\Repo\FinanceMCP\StockData.Net\StockData.Net.Tests\YahooFinanceClientTests.cs(669,9): error MSTEST0037: Use 'Assert.Contains' instead of 'Assert.IsTrue' (https://learn.microsoft.com/dotnet/core/testing/mstest-analyzers/mstest0037) [D:\Repo\FinanceMCP\StockData.Net\StockData.Net.Tests\StockData.Net.Tests.csproj]
D:\Repo\FinanceMCP\StockData.Net\StockData.Net.Tests\YahooFinanceClientTests.cs(688,9): error MSTEST0037: Use 'Assert.Contains' instead of 'Assert.IsTrue' (https://learn.microsoft.com/dotnet/core/testing/mstest-analyzers/mstest0037) [D:\Repo\FinanceMCP\StockData.Net\StockData.Net.Tests\StockData.Net.Tests.csproj]
D:\Repo\FinanceMCP\StockData.Net\StockData.Net.Tests\YahooFinanceClientTests.cs(689,9): error MSTEST0037: Use 'Assert.Contains' instead of 'Assert.IsTrue' (https://learn.microsoft.com/dotnet/core/testing/mstest-analyzers/mstest0037) [D:\Repo\FinanceMCP\StockData.Net\StockData.Net.Tests\StockData.Net.Tests.csproj]
D:\Repo\FinanceMCP\StockData.Net\StockData.Net.Tests\YahooFinanceClientTests.cs(707,9): error MSTEST0037: Use 'Assert.Contains' instead of 'Assert.IsTrue' (https://learn.microsoft.com/dotnet/core/testing/mstest-analyzers/mstest0037) [D:\Repo\FinanceMCP\StockData.Net\StockData.Net.Tests\StockData.Net.Tests.csproj]
D:\Repo\FinanceMCP\StockData.Net\StockData.Net.Tests\YahooFinanceClientTests.cs(764,9): error MSTEST0037: Use 'Assert.Contains' instead of 'Assert.IsTrue' (https://learn.microsoft.com/dotnet/core/testing/mstest-analyzers/mstest0037) [D:\Repo\FinanceMCP\StockData.Net\StockData.Net.Tests\StockData.Net.Tests.csproj]
D:\Repo\FinanceMCP\StockData.Net\StockData.Net.Tests\YahooFinanceClientTests.cs(765,9): error MSTEST0037: Use 'Assert.Contains' instead of 'Assert.IsTrue' (https://learn.microsoft.com/dotnet/core/testing/mstest-analyzers/mstest0037) [D:\Repo\FinanceMCP\StockData.Net\StockData.Net.Tests\StockData.Net.Tests.csproj]
D:\Repo\FinanceMCP\StockData.Net\StockData.Net.Tests\YahooFinanceClientTests.cs(726,9): error MSTEST0037: Use 'Assert.Contains' instead of 'Assert.IsTrue' (https://learn.microsoft.com/dotnet/core/testing/mstest-analyzers/mstest0037) [D:\Repo\FinanceMCP\StockData.Net\StockData.Net.Tests\StockData.Net.Tests.csproj]
D:\Repo\FinanceMCP\StockData.Net\StockData.Net.Tests\YahooFinanceClientTests.cs(745,9): error MSTEST0037: Use 'Assert.Contains' instead of 'Assert.IsTrue' (https://learn.microsoft.com/dotnet/core/testing/mstest-analyzers/mstest0037) [D:\Repo\FinanceMCP\StockData.Net\StockData.Net.Tests\StockData.Net.Tests.csproj]
D:\Repo\FinanceMCP\StockData.Net\StockData.Net.Tests\YahooFinanceClientTests.cs(746,9): error MSTEST0037: Use 'Assert.Contains' instead of 'Assert.IsTrue' (https://learn.microsoft.com/dotnet/core/testing/mstest-analyzers/mstest0037) [D:\Repo\FinanceMCP\StockData.Net\StockData.Net.Tests\StockData.Net.Tests.csproj]
D:\Repo\FinanceMCP\StockData.Net\StockData.Net.Tests\YahooFinanceClientTests.cs(783,9): error MSTEST0037: Use 'Assert.Contains' instead of 'Assert.IsTrue' (https://learn.microsoft.com/dotnet/core/testing/mstest-analyzers/mstest0037) [D:\Repo\FinanceMCP\StockData.Net\StockData.Net.Tests\StockData.Net.Tests.csproj]
D:\Repo\FinanceMCP\StockData.Net\StockData.Net.Tests\YahooFinanceClientTests.cs(784,9): error MSTEST0037: Use 'Assert.Contains' instead of 'Assert.IsTrue' (https://learn.microsoft.com/dotnet/core/testing/mstest-analyzers/mstest0037) [D:\Repo\FinanceMCP\StockData.Net\StockData.Net.Tests\StockData.Net.Tests.csproj]
D:\Repo\FinanceMCP\StockData.Net\StockData.Net.Tests\YahooFinanceClientTests.cs(803,9): error MSTEST0037: Use 'Assert.Contains' instead of 'Assert.IsTrue' (https://learn.microsoft.com/dotnet/core/testing/mstest-analyzers/mstest0037) [D:\Repo\FinanceMCP\StockData.Net\StockData.Net.Tests\StockData.Net.Tests.csproj]
D:\Repo\FinanceMCP\StockData.Net\StockData.Net.Tests\YahooFinanceClientTests.cs(804,9): error MSTEST0037: Use 'Assert.Contains' instead of 'Assert.IsTrue' (https://learn.microsoft.com/dotnet/core/testing/mstest-analyzers/mstest0037) [D:\Repo\FinanceMCP\StockData.Net\StockData.Net.Tests\StockData.Net.Tests.csproj]
D:\Repo\FinanceMCP\StockData.Net\StockData.Net.Tests\YahooFinanceClientTests.cs(822,9): error MSTEST0037: Use 'Assert.Contains' instead of 'Assert.IsTrue' (https://learn.microsoft.com/dotnet/core/testing/mstest-analyzers/mstest0037) [D:\Repo\FinanceMCP\StockData.Net\StockData.Net.Tests\StockData.Net.Tests.csproj]
D:\Repo\FinanceMCP\StockData.Net\StockData.Net.Tests\YahooFinanceClientTests.cs(823,9): error MSTEST0037: Use 'Assert.Contains' instead of 'Assert.IsTrue' (https://learn.microsoft.com/dotnet/core/testing/mstest-analyzers/mstest0037) [D:\Repo\FinanceMCP\StockData.Net\StockData.Net.Tests\StockData.Net.Tests.csproj]
D:\Repo\FinanceMCP\StockData.Net\StockData.Net.Tests\YahooFinanceClientTests.cs(890,9): error MSTEST0037: Use 'Assert.Contains' instead of 'Assert.IsTrue' (https://learn.microsoft.com/dotnet/core/testing/mstest-analyzers/mstest0037) [D:\Repo\FinanceMCP\StockData.Net\StockData.Net.Tests\StockData.Net.Tests.csproj]
D:\Repo\FinanceMCP\StockData.Net\StockData.Net.Tests\YahooFinanceClientTests.cs(904,9): error MSTEST0037: Use 'Assert.Contains' instead of 'Assert.IsTrue' (https://learn.microsoft.com/dotnet/core/testing/mstest-analyzers/mstest0037) [D:\Repo\FinanceMCP\StockData.Net\StockData.Net.Tests\StockData.Net.Tests.csproj]
D:\Repo\FinanceMCP\StockData.Net\StockData.Net.Tests\YahooFinanceClientTests.cs(932,9): error MSTEST0037: Use 'Assert.Contains' instead of 'Assert.IsTrue' (https://learn.microsoft.com/dotnet/core/testing/mstest-analyzers/mstest0037) [D:\Repo\FinanceMCP\StockData.Net\StockData.Net.Tests\StockData.Net.Tests.csproj]
D:\Repo\FinanceMCP\StockData.Net\StockData.Net.Tests\YahooFinanceClientTests.cs(918,9): error MSTEST0037: Use 'Assert.Contains' instead of 'Assert.IsTrue' (https://learn.microsoft.com/dotnet/core/testing/mstest-analyzers/mstest0037) [D:\Repo\FinanceMCP\StockData.Net\StockData.Net.Tests\StockData.Net.Tests.csproj]
D:\Repo\FinanceMCP\StockData.Net\StockData.Net.Tests\YahooFinanceClientTests.cs(947,9): error MSTEST0037: Use 'Assert.Contains' instead of 'Assert.IsTrue' (https://learn.microsoft.com/dotnet/core/testing/mstest-analyzers/mstest0037) [D:\Repo\FinanceMCP\StockData.Net\StockData.Net.Tests\StockData.Net.Tests.csproj]
D:\Repo\FinanceMCP\StockData.Net\StockData.Net.Tests\YahooFinanceClientTests.cs(875,9): error MSTEST0037: Use 'Assert.Contains' instead of 'Assert.IsTrue' (https://learn.microsoft.com/dotnet/core/testing/mstest-analyzers/mstest0037) [D:\Repo\FinanceMCP\StockData.Net\StockData.Net.Tests\StockData.Net.Tests.csproj]
D:\Repo\FinanceMCP\StockData.Net\StockData.Net.Tests\YahooFinanceClientTests.cs(876,9): error MSTEST0037: Use 'Assert.DoesNotContain' instead of 'Assert.IsFalse' (https://learn.microsoft.com/dotnet/core/testing/mstest-analyzers/mstest0037) [D:\Repo\FinanceMCP\StockData.Net\StockData.Net.Tests\StockData.Net.Tests.csproj]
D:\Repo\FinanceMCP\StockData.Net\StockData.Net.Tests\YahooFinanceClientTests.cs(961,9): error MSTEST0037: Use 'Assert.Contains' instead of 'Assert.IsTrue' (https://learn.microsoft.com/dotnet/core/testing/mstest-analyzers/mstest0037) [D:\Repo\FinanceMCP\StockData.Net\StockData.Net.Tests\StockData.Net.Tests.csproj]
D:\Repo\FinanceMCP\StockData.Net\StockData.Net.Tests\YahooFinanceClientTests.cs(992,9): error MSTEST0037: Use 'Assert.Contains' instead of 'Assert.IsTrue' (https://learn.microsoft.com/dotnet/core/testing/mstest-analyzers/mstest0037) [D:\Repo\FinanceMCP\StockData.Net\StockData.Net.Tests\StockData.Net.Tests.csproj]
D:\Repo\FinanceMCP\StockData.Net\StockData.Net.Tests\YahooFinanceClientTests.cs(515,9): error MSTEST0037: Use 'Assert.DoesNotContain' instead of 'Assert.IsFalse' (https://learn.microsoft.com/dotnet/core/testing/mstest-analyzers/mstest0037) [D:\Repo\FinanceMCP\StockData.Net\StockData.Net.Tests\StockData.Net.Tests.csproj]
D:\Repo\FinanceMCP\StockData.Net\StockData.Net.McpServer.Tests\McpServerTests.cs(121,9): error MSTEST0037: Use 'Assert.Contains' instead of 'Assert.IsTrue' (https://learn.microsoft.com/dotnet/core/testing/mstest-analyzers/mstest0037) [D:\Repo\FinanceMCP\StockData.Net\StockData.Net.McpServer.Tests\StockData.Net.McpServer.Tests.csproj]
D:\Repo\FinanceMCP\StockData.Net\StockData.Net.McpServer.Tests\McpServerTests.cs(484,9): error MSTEST0037: Use 'Assert.Contains' instead of 'Assert.IsTrue' (https://learn.microsoft.com/dotnet/core/testing/mstest-analyzers/mstest0037) [D:\Repo\FinanceMCP\StockData.Net\StockData.Net.McpServer.Tests\StockData.Net.McpServer.Tests.csproj]
D:\Repo\FinanceMCP\StockData.Net\StockData.Net.McpServer.Tests\McpServerTests.cs(162,9): error MSTEST0037: Use 'Assert.Contains' instead of 'Assert.IsTrue' (https://learn.microsoft.com/dotnet/core/testing/mstest-analyzers/mstest0037) [D:\Repo\FinanceMCP\StockData.Net\StockData.Net.McpServer.Tests\StockData.Net.McpServer.Tests.csproj]
D:\Repo\FinanceMCP\StockData.Net\StockData.Net.McpServer.Tests\McpServerTests.cs(91,9): error MSTEST0037: Use 'Assert.Contains' instead of 'Assert.IsTrue' (https://learn.microsoft.com/dotnet/core/testing/mstest-analyzers/mstest0037) [D:\Repo\FinanceMCP\StockData.Net\StockData.Net.McpServer.Tests\StockData.Net.McpServer.Tests.csproj]
D:\Repo\FinanceMCP\StockData.Net\StockData.Net.McpServer.Tests\McpServerTests.cs(509,9): error MSTEST0037: Use 'Assert.Contains' instead of 'Assert.IsTrue' (https://learn.microsoft.com/dotnet/core/testing/mstest-analyzers/mstest0037) [D:\Repo\FinanceMCP\StockData.Net\StockData.Net.McpServer.Tests\StockData.Net.McpServer.Tests.csproj]
D:\Repo\FinanceMCP\StockData.Net\StockData.Net.McpServer.Tests\McpServerTests.cs(92,9): error MSTEST0037: Use 'Assert.Contains' instead of 'Assert.IsTrue' (https://learn.microsoft.com/dotnet/core/testing/mstest-analyzers/mstest0037) [D:\Repo\FinanceMCP\StockData.Net\StockData.Net.McpServer.Tests\StockData.Net.McpServer.Tests.csproj]
D:\Repo\FinanceMCP\StockData.Net\StockData.Net.McpServer.Tests\McpServerTests.cs(93,9): error MSTEST0037: Use 'Assert.Contains' instead of 'Assert.IsTrue' (https://learn.microsoft.com/dotnet/core/testing/mstest-analyzers/mstest0037) [D:\Repo\FinanceMCP\StockData.Net\StockData.Net.McpServer.Tests\StockData.Net.McpServer.Tests.csproj]
D:\Repo\FinanceMCP\StockData.Net\StockData.Net.McpServer.Tests\McpServerTests.cs(94,9): error MSTEST0037: Use 'Assert.Contains' instead of 'Assert.IsTrue' (https://learn.microsoft.com/dotnet/core/testing/mstest-analyzers/mstest0037) [D:\Repo\FinanceMCP\StockData.Net\StockData.Net.McpServer.Tests\StockData.Net.McpServer.Tests.csproj]
D:\Repo\FinanceMCP\StockData.Net\StockData.Net.McpServer.Tests\McpServerTests.cs(95,9): error MSTEST0037: Use 'Assert.Contains' instead of 'Assert.IsTrue' (https://learn.microsoft.com/dotnet/core/testing/mstest-analyzers/mstest0037) [D:\Repo\FinanceMCP\StockData.Net\StockData.Net.McpServer.Tests\StockData.Net.McpServer.Tests.csproj]
D:\Repo\FinanceMCP\StockData.Net\StockData.Net.McpServer.Tests\McpServerTests.cs(96,9): error MSTEST0037: Use 'Assert.Contains' instead of 'Assert.IsTrue' (https://learn.microsoft.com/dotnet/core/testing/mstest-analyzers/mstest0037) [D:\Repo\FinanceMCP\StockData.Net\StockData.Net.McpServer.Tests\StockData.Net.McpServer.Tests.csproj]
D:\Repo\FinanceMCP\StockData.Net\StockData.Net.McpServer.Tests\McpServerTests.cs(97,9): error MSTEST0037: Use 'Assert.Contains' instead of 'Assert.IsTrue' (https://learn.microsoft.com/dotnet/core/testing/mstest-analyzers/mstest0037) [D:\Repo\FinanceMCP\StockData.Net\StockData.Net.McpServer.Tests\StockData.Net.McpServer.Tests.csproj]
D:\Repo\FinanceMCP\StockData.Net\StockData.Net.McpServer.Tests\McpServerTests.cs(98,9): error MSTEST0037: Use 'Assert.Contains' instead of 'Assert.IsTrue' (https://learn.microsoft.com/dotnet/core/testing/mstest-analyzers/mstest0037) [D:\Repo\FinanceMCP\StockData.Net\StockData.Net.McpServer.Tests\StockData.Net.McpServer.Tests.csproj]
D:\Repo\FinanceMCP\StockData.Net\StockData.Net.McpServer.Tests\McpServerTests.cs(99,9): error MSTEST0037: Use 'Assert.Contains' instead of 'Assert.IsTrue' (https://learn.microsoft.com/dotnet/core/testing/mstest-analyzers/mstest0037) [D:\Repo\FinanceMCP\StockData.Net\StockData.Net.McpServer.Tests\StockData.Net.McpServer.Tests.csproj]
D:\Repo\FinanceMCP\StockData.Net\StockData.Net.McpServer.Tests\McpServerTests.cs(100,9): error MSTEST0037: Use 'Assert.Contains' instead of 'Assert.IsTrue' (https://learn.microsoft.com/dotnet/core/testing/mstest-analyzers/mstest0037) [D:\Repo\FinanceMCP\StockData.Net\StockData.Net.McpServer.Tests\StockData.Net.McpServer.Tests.csproj]
D:\Repo\FinanceMCP\StockData.Net\StockData.Net.McpServer.Tests\McpServerTests.cs(67,9): error MSTEST0037: Use 'Assert.Contains' instead of 'Assert.IsTrue' (https://learn.microsoft.com/dotnet/core/testing/mstest-analyzers/mstest0037) [D:\Repo\FinanceMCP\StockData.Net\StockData.Net.McpServer.Tests\StockData.Net.McpServer.Tests.csproj]
D:\Repo\FinanceMCP\StockData.Net\StockData.Net.McpServer.Tests\McpServerTests.cs(68,9): error MSTEST0037: Use 'Assert.Contains' instead of 'Assert.IsTrue' (https://learn.microsoft.com/dotnet/core/testing/mstest-analyzers/mstest0037) [D:\Repo\FinanceMCP\StockData.Net\StockData.Net.McpServer.Tests\StockData.Net.McpServer.Tests.csproj]
D:\Repo\FinanceMCP\StockData.Net\StockData.Net.McpServer.Tests\McpServerTests.cs(563,9): error MSTEST0037: Use 'Assert.Contains' instead of 'Assert.IsTrue' (https://learn.microsoft.com/dotnet/core/testing/mstest-analyzers/mstest0037) [D:\Repo\FinanceMCP\StockData.Net\StockData.Net.McpServer.Tests\StockData.Net.McpServer.Tests.csproj]
D:\Repo\FinanceMCP\StockData.Net\StockData.Net.McpServer.Tests\McpServerTests.cs(591,9): error MSTEST0037: Use 'Assert.Contains' instead of 'Assert.IsTrue' (https://learn.microsoft.com/dotnet/core/testing/mstest-analyzers/mstest0037) [D:\Repo\FinanceMCP\StockData.Net\StockData.Net.McpServer.Tests\StockData.Net.McpServer.Tests.csproj]
D:\Repo\FinanceMCP\StockData.Net\StockData.Net.McpServer.Tests\McpServerTests.cs(621,9): error MSTEST0037: Use 'Assert.Contains' instead of 'Assert.IsTrue' (https://learn.microsoft.com/dotnet/core/testing/mstest-analyzers/mstest0037) [D:\Repo\FinanceMCP\StockData.Net\StockData.Net.McpServer.Tests\StockData.Net.McpServer.Tests.csproj]
D:\Repo\FinanceMCP\StockData.Net\StockData.Net.McpServer.Tests\McpServerTests.cs(649,9): error MSTEST0037: Use 'Assert.Contains' instead of 'Assert.IsTrue' (https://learn.microsoft.com/dotnet/core/testing/mstest-analyzers/mstest0037) [D:\Repo\FinanceMCP\StockData.Net\StockData.Net.McpServer.Tests\StockData.Net.McpServer.Tests.csproj]
D:\Repo\FinanceMCP\StockData.Net\StockData.Net.McpServer.Tests\NewsAggregationMcpServerTests.cs(47,9): error MSTEST0037: Use 'Assert.Contains' instead of 'Assert.IsTrue' (https://learn.microsoft.com/dotnet/core/testing/mstest-analyzers/mstest0037) [D:\Repo\FinanceMCP\StockData.Net\StockData.Net.McpServer.Tests\StockData.Net.McpServer.Tests.csproj]
D:\Repo\FinanceMCP\StockData.Net\StockData.Net.McpServer.Tests\NewsAggregationMcpServerTests.cs(48,9): error MSTEST0037: Use 'Assert.Contains' instead of 'Assert.IsTrue' (https://learn.microsoft.com/dotnet/core/testing/mstest-analyzers/mstest0037) [D:\Repo\FinanceMCP\StockData.Net\StockData.Net.McpServer.Tests\StockData.Net.McpServer.Tests.csproj]
D:\Repo\FinanceMCP\StockData.Net\StockData.Net.McpServer.Tests\McpServerTests.cs(1138,9): error MSTEST0037: Use 'Assert.Contains' instead of 'Assert.IsTrue' (https://learn.microsoft.com/dotnet/core/testing/mstest-analyzers/mstest0037) [D:\Repo\FinanceMCP\StockData.Net\StockData.Net.McpServer.Tests\StockData.Net.McpServer.Tests.csproj]
    0 Warning(s)
    84 Error(s)

Time Elapsed 00:00:02.73
